test_set      Angika (dev)  Bhojpuri (dev)  English (dev)  FLORES dev bho  FLORES dev eng  FLORES dev hin  FLORES dev mag  FLORES dev mai  Hindi (dev)  Magahi (dev)  Maithili (dev)
variant K                                                                                                                                                                           
a       0             4.80            4.42           1.25            4.60            1.25            4.74            4.60            4.91         4.49          4.51            5.16
        500           2.93            2.72           1.25            2.81            1.25            2.96            2.92            2.86         2.83          2.74            3.09
        2000          2.69            2.46           1.25            2.53            1.25            2.65            2.64            2.56         2.55          2.48            2.75
        8000          2.62            2.37           1.25            2.45            1.25            2.55            2.49            2.46         2.47          2.37            2.62
d       0             4.80            4.41           1.25            4.60            1.25            4.74            4.60            4.91         4.49          4.51            5.16
        500           2.78            2.41           1.25            2.50            1.25            2.75            2.60            2.62         2.56          2.46            2.82
        2000          2.14            1.87           1.25            1.96            1.25            2.14            2.05            2.01         1.94          1.92            2.17
        8000          1.77            1.47           1.25            1.57            1.25            1.67            1.62            1.58         1.48          1.53            1.70
mix hin_only 76s
mix natural4 127s
mix upsampled4 174s
mix lowonly 195s
       mix  score  unique_MB  n_langs  within_0.01_of_best
   lowonly 2.0757      37.72        3                 True
upsampled4 2.0879      39.53        4                False
  natural4 2.1121      39.99        4                False
  hin_only 2.3621      40.00        1                False
chosen mix: lowonly
